Microchip MPLAB XC8 Compiler V2.20

Linker command line:

-W-3 --edf=C:\Program Files (x86)\Microchip\xc8\v2.20\pic\dat\en_msgs.txt \
  -cn -h+dist/default/production\Digital_Clock.X.production.sym \
  --cmf=dist/default/production\Digital_Clock.X.production.cmf -z -Q16F877A \
  -oC:\Users\ABDALA~1\AppData\Local\Temp\scg.3 --defsym=__MPLAB_BUILD=1 \
  -Mdist/default/production/Digital_Clock.X.production.map -E1 \
  -ver=XC8 Compiler --acfsm=1493 -ASTACK=0110h-016Fh -pstack=STACK \
  -ACODE=00h-07FFhx4 -ASTRCODE=00h-01FFFh -ASTRING=00h-0FFhx32 \
  -ACONST=00h-0FFhx32 -AENTRY=00h-0FFhx32 -ACOMMON=070h-07Fh \
  -ABANK0=020h-06Fh -ABANK1=0A0h-0EFh -ABANK2=0110h-016Fh \
  -ABANK3=0190h-01EFh -ARAM=020h-06Fh,0A0h-0EFh,0110h-016Fh,0190h-01EFh \
  -AABS1=020h-07Fh,0A0h-0EFh,0110h-016Fh,0190h-01EFh -ASFR0=00h-01Fh \
  -ASFR1=080h-09Fh -ASFR2=0100h-010Fh -ASFR3=0180h-018Fh \
  -ACONFIG=02007h-02007h -DCONFIG=2 -AIDLOC=02000h-02003h -DIDLOC=2 \
  -preset_vec=00h,intentry=04h,init,end_init -ppowerup=CODE -pcinit=CODE \
  -pfunctab=ENTRY -AEEDATA=00h-0FFh/02100h -peeprom_data=EEDATA -DEEDATA=2 \
  -DCODE=2 -DSTRCODE=2 -DSTRING=2 -DCONST=2 -DENTRY=2 -k \
  C:\Users\ABDALA~1\AppData\Local\Temp\scg.o \
  dist/default/production\Digital_Clock.X.production.o 

Object code version is 3.11

Machine type is 16F877A



                Name                               Link     Load   Length Selector   Space Scale
C:\Users\ABDALA~1\AppData\Local\Temp\scg.o
                end_init                             12       12        3        8       0
                reset_vec                             0        0        3        0       0
                config                             2007     2007        1        0       4
dist/default/production\Digital_Clock.X.production.o
                cinit                                15       15       10        8       0
                functab                              25       25       16       4A       0
                intentry                              4        4        E        8       0
                config                             2007     2007        1        0       4
                text32                              66B      66B        2      C2E       0
                text31                              373      373       4E       76       0
                text30                              660      660        5      C2E       0
                text29                              211      211       5D       76       0
                text28                               3B       3B       87       76       0
                text27                              407      407       40       76       0
                text26                              26E      26E       59       76       0
                text25                              31D      31D       56       76       0
                text24                              530      530       26       76       0
                text23                              4AE      4AE       30       76       0
                text22                              447      447       36       76       0
                text21                              556      556       25       76       0
                text20                              3C1      3C1       46       76       0
                text19                              145      145       67       76       0
                text18                               C2       C2       83       76       0
                text17                              65A      65A        6      C2E       0
                text16                              654      654        6      C2E       0
                text15                              617      617       11      C2E       0
                text14                              5F1      5F1       15       76       0
                text13                              2C7      2C7       56       76       0
                text12                              1AC      1AC       65       76       0
                text11                              5DB      5DB       16       76       0
                text10                              47D      47D       31       76       0
                text9                               59E      59E       22       76       0
                text8                               50A      50A       26       76       0
                text7                               64E      64E        6      C2E       0
                text6                               5C0      5C0       1B       76       0
                text5                               57B      57B       23       76       0
                text4                               665      665        4      C2E       0
                text3                               628      628       10      C2E       0
                text2                               638      638        E      C2E       0
                text1                               669      669        2      C2E       0
                maintext                            4DE      4DE       2C       76       0
                cstackBANK0                          3B       3B       13       20       1
                cstackCOMMON                         70       70        B       70       1
                clrtext                             646      646        8      C2E       0
                bssBANK0                             20       20       1B       20       1
                bssCOMMON                            7B       7B        3       70       1
                strings                             606      606       11      C0C       0

TOTAL           Name                               Link     Load   Length     Space
        CLASS   STACK          

        CLASS   CODE           
                end_init                             12       12        3         0
                cinit                                15       15       10         0
                intentry                              4        4        E         0
                reset_vec                             0        0        3         0
                text32                              66B      66B        2         0
                text31                              373      373       4E         0
                text30                              660      660        5         0
                text29                              211      211       5D         0
                text28                               3B       3B       87         0
                text27                              407      407       40         0
                text26                              26E      26E       59         0
                text25                              31D      31D       56         0
                text24                              530      530       26         0
                text23                              4AE      4AE       30         0
                text22                              447      447       36         0
                text21                              556      556       25         0
                text20                              3C1      3C1       46         0
                text19                              145      145       67         0
                text18                               C2       C2       83         0
                text17                              65A      65A        6         0
                text16                              654      654        6         0
                text15                              617      617       11         0
                text14                              5F1      5F1       15         0
                text13                              2C7      2C7       56         0
                text12                              1AC      1AC       65         0
                text11                              5DB      5DB       16         0
                text10                              47D      47D       31         0
                text9                               59E      59E       22         0
                text8                               50A      50A       26         0
                text7                               64E      64E        6         0
                text6                               5C0      5C0       1B         0
                text5                               57B      57B       23         0
                text4                               665      665        4         0
                text3                               628      628       10         0
                text2                               638      638        E         0
                text1                               669      669        2         0
                maintext                            4DE      4DE       2C         0
                clrtext                             646      646        8         0

        CLASS   STRCODE        

        CLASS   STRING         
                strings                             606      606       11         0

        CLASS   CONST          

        CLASS   ENTRY          
                functab                              25       25       16         0

        CLASS   COMMON         
                cstackCOMMON                         70       70        B         1
                bssCOMMON                            7B       7B        3         1

        CLASS   BANK0          
                cstackBANK0                          3B       3B       13         1
                bssBANK0                             20       20       1B         1

        CLASS   BANK1          

        CLASS   BANK2          

        CLASS   BANK3          

        CLASS   RAM            

        CLASS   ABS1           
                abs_s1                               7E       7E        2         1

        CLASS   SFR0           

        CLASS   SFR1           

        CLASS   SFR2           

        CLASS   SFR3           

        CLASS   CONFIG         
                config                             2007     2007        1         4

        CLASS   IDLOC          

        CLASS   EEDATA         



SEGMENTS        Name                           Load    Length   Top    Selector   Space  Class     Delta

                reset_vec                      000000  000003  000003         0       0  CODE        2
                intentry                       000004  000021  000025         8       0  CODE        2
                bssBANK0                       000020  00002E  00004E        20       1  BANK0       1
                functab                        000025  000016  00003B        4A       0  ENTRY       2
                cstackCOMMON                   000070  00000E  00007E        70       1  COMMON      1
                text28                         00003B  0005CB  000606        76       0  CODE        2
                strings                        000606  000011  000617       C0C       0  STRING      2
                text15                         000617  000056  00066D       C2E       0  CODE        2


UNUSED ADDRESS RANGES

        Name                Unused          Largest block    Delta
        BANK0            004E-006F             22           1
        BANK1            00A0-00EF             50           1
        BANK2            0110-016F             60           1
        BANK3            0190-01EF             60           1
        CODE             0003-0003              1           2
                         066D-1FFF            800
        CONST            0003-0003              1           2
                         066D-1FFF            100
        EEDATA           2100-21FF            100           2
        ENTRY            0003-0003              1           2
                         066D-1FFF            100
        IDLOC            2000-2003              4           2
        RAM              004E-006F             22           1
                         00A0-00EF             50
                         0110-016F             60
                         0190-01EF             60
        SFR0             0000-001F             20           1
        SFR1             0080-009F             20           1
        SFR2             0100-010F             10           1
        SFR3             0180-018F             10           1
        STACK            0110-016F             60           1
        STRCODE          0003-0003              1           2
                         066D-1FFF           1993
        STRING           0003-0003              1           2
                         066D-1FFF            100

                                  Symbol Table

?___awdiv                       cstackCOMMON 0070
?___awmod                       cstackCOMMON 0070
?___llmod                       cstackCOMMON 0073
?___wmul                        cstackCOMMON 0070
Buttons_Update@Debounce_Counter bssBANK0     002F
Clock_Normal@counter            bssBANK0     0029
Display_Blink@Counter           bssBANK0     0027
Display_Blink@Times_Ms          cstackCOMMON 0070
Display_Blink@_MODE_            cstackCOMMON 0072
SSD_Display@Number              cstackCOMMON 0072
Scheduler_Update@i              cstackBANK0  0043
_ButtonsFlag                    bssCOMMON    007D
_Buttons_Init                   text8        050A
_Buttons_Update                 text25       031D
_Clock                          bssBANK0     0024
_Clock_Hour_Setting             text23       04AE
_Clock_Init                     text7        064E
_Clock_Minutes_Setting          text22       0447
_Clock_Normal                   text20       03C1
_Clock_Update                   text18       00C2
_Debounce_DownButton            bssBANK0     0032
_Debounce_UpButton              bssBANK0     0035
_Digit1                         bssBANK0     002D
_Digit2                         bssBANK0     002C
_Digit3                         bssBANK0     002B
_Digit4                         bssBANK0     002A
_DigitSelector                  bssBANK0     002E
_Display_Blink                  text31       0373
_Display_Init                   text6        05C0
_Display_Normal                 text30       0660
_Display_Update                 text27       0407
_EXTI_SettingButton_CB          text32       066B
_Enable_Hours                   bssCOMMON    007B
_Enable_Minutes                 bssCOMMON    007C
_GPIO_Init                      text5        057B
_INTCONbits                     (abs)        000B
_INTEDG                         (abs)        040E
_ISR                            text10       047D
_Interrupt_CbStruct             strings      0615
_MODE                           bssBANK0     0031
_ModeManager_Init               text4        0665
_ModeManager_Update             text24       0530
_OPTION_REGbits                 (abs)        0081
_PORTA                          (abs)        0005
_PORTB                          (abs)        0006
_PORTD                          (abs)        0008
_SSD_DigitSelector              text28       003B
_SSD_Display                    text29       0211
_Scheduler_Init                 text3        0628
_Scheduler_Task1                text16       0654
_Scheduler_Task2                text15       0617
_Scheduler_Task3                text17       065A
_Scheduler_Update               text12       01AC
_TMR0                           (abs)        0001
_TMR0IF                         (abs)        005A
_TRISA                          (abs)        0085
_TRISB                          (abs)        0086
_TRISD                          (abs)        0088
_Task_Flag                      bssBANK0     0038
_Tasks                          strings      060C
_Tick                           bssBANK0     0020
_Timer0_CB                      text11       05DB
_Timer_Init                     text2        0638
_Timer_Start                    text1        0669
__Habs1                         abs1         0000
__Hbank0                        bank0        0000
__Hbank1                        bank1        0000
__Hbank2                        bank2        0000
__Hbank3                        bank3        0000
__HbssBANK0                     bssBANK0     0000
__HbssCOMMON                    bssCOMMON    0000
__Hcinit                        cinit        0025
__Hclrtext                      clrtext      0000
__Hcode                         code         0000
__Hcommon                       common       0000
__Hconfig                       config       2008
__HcstackBANK0                  cstackBANK0  0000
__HcstackCOMMON                 cstackCOMMON 0000
__Heeprom_data                  eeprom_data  0000
__Hend_init                     end_init     0015
__Hfunctab                      functab      003B
__Hinit                         init         0012
__Hintentry                     intentry     0012
__Hmaintext                     maintext     0000
__Hpowerup                      powerup      0000
__Hram                          ram          0000
__Hreset_vec                    reset_vec    0003
__Hsfr0                         sfr0         0000
__Hsfr1                         sfr1         0000
__Hsfr2                         sfr2         0000
__Hsfr3                         sfr3         0000
__Hspace_0                      (abs)        066D
__Hspace_1                      (abs)        007E
__Hspace_2                      (abs)        0000
__Hspace_3                      (abs)        0000
__Hspace_4                      (abs)        400F
__Hstack                        stack        0000
__Hstrings                      strings      0000
__Htext                         text         0000
__Labs1                         abs1         0000
__Lbank0                        bank0        0000
__Lbank1                        bank1        0000
__Lbank2                        bank2        0000
__Lbank3                        bank3        0000
__LbssBANK0                     bssBANK0     0000
__LbssCOMMON                    bssCOMMON    0000
__Lcinit                        cinit        0015
__Lclrtext                      clrtext      0000
__Lcode                         code         0000
__Lcommon                       common       0000
__Lconfig                       config       0000
__LcstackBANK0                  cstackBANK0  0000
__LcstackCOMMON                 cstackCOMMON 0000
__Leeprom_data                  eeprom_data  0000
__Lend_init                     end_init     0012
__Lfunctab                      functab      0025
__Linit                         init         0012
__Lintentry                     intentry     0004
__Lmaintext                     maintext     0000
__Lpowerup                      powerup      0000
__Lram                          ram          0000
__Lreset_vec                    reset_vec    0000
__Lsfr0                         sfr0         0000
__Lsfr1                         sfr1         0000
__Lsfr2                         sfr2         0000
__Lsfr3                         sfr3         0000
__Lspace_0                      (abs)        0000
__Lspace_1                      (abs)        0000
__Lspace_2                      (abs)        0000
__Lspace_3                      (abs)        0000
__Lspace_4                      (abs)        0000
__Lstack                        stack        0000
__Lstrings                      strings      0000
__Ltext                         text         0000
__S0                            (abs)        066D
__S1                            (abs)        007E
__S2                            (abs)        0000
__S3                            (abs)        0000
___awdiv                        text19       0145
___awdiv@counter                cstackCOMMON 0074
___awdiv@dividend               cstackCOMMON 0072
___awdiv@divisor                cstackCOMMON 0070
___awdiv@quotient               cstackCOMMON 0076
___awdiv@sign                   cstackCOMMON 0075
___awmod                        text26       026E
___awmod@counter                cstackCOMMON 0074
___awmod@dividend               cstackCOMMON 0072
___awmod@divisor                cstackCOMMON 0070
___awmod@sign                   cstackCOMMON 0075
___bmul                         text14       05F1
___bmul@multiplicand            cstackCOMMON 0070
___bmul@multiplier              cstackCOMMON 0072
___bmul@product                 cstackCOMMON 0071
___int_sp                       stack        0000
___latbits                      (abs)        0002
___llmod                        text13       02C7
___llmod@counter                cstackBANK0  003C
___llmod@dividend               cstackCOMMON 0077
___llmod@divisor                cstackCOMMON 0073
___sp                           stack        0000
___stackhi                      (abs)        0000
___stacklo                      (abs)        0000
___wmul                         text21       0556
___wmul@multiplicand            cstackCOMMON 0072
___wmul@multiplier              cstackCOMMON 0070
___wmul@product                 cstackCOMMON 0074
__end_of_Buttons_Init           text8        0530
__end_of_Buttons_Update         text25       0373
__end_of_Clock_Hour_Setting     text23       04DE
__end_of_Clock_Init             text7        0654
__end_of_Clock_Minutes_Setting  text22       047D
__end_of_Clock_Normal           text20       0407
__end_of_Clock_Update           text18       0145
__end_of_Display_Blink          text31       03C1
__end_of_Display_Init           text6        05DB
__end_of_Display_Normal         text30       0665
__end_of_Display_Update         text27       0447
__end_of_EXTI_SettingButton_CB  text32       066D
__end_of_GPIO_Init              text5        059E
__end_of_ISR                    text10       04AE
__end_of_Interrupt_CbStruct     strings      0617
__end_of_ModeManager_Init       text4        0669
__end_of_ModeManager_Update     text24       0556
__end_of_SSD_DigitSelector      text28       00C2
__end_of_SSD_Display            text29       026E
__end_of_Scheduler_Init         text3        0638
__end_of_Scheduler_Task1        text16       065A
__end_of_Scheduler_Task2        text15       0628
__end_of_Scheduler_Task3        text17       0660
__end_of_Scheduler_Update       text12       0211
__end_of_Tasks                  strings      0615
__end_of_Timer0_CB              text11       05F1
__end_of_Timer_Init             text2        0646
__end_of_Timer_Start            text1        066B
__end_of___awdiv                text19       01AC
__end_of___awmod                text26       02C7
__end_of___bmul                 text14       0606
__end_of___llmod                text13       031D
__end_of___wmul                 text21       057B
__end_of__i1fptable             functab      003B
__end_of__initialization        cinit        0021
__end_of__stringtab             strings      060C
__end_of_main                   maintext     050A
__end_of_memset                 text9        05C0
__i1fptable                     functab      0026
__initialization                cinit        0015
__pbssBANK0                     bssBANK0     0020
__pbssCOMMON                    bssCOMMON    007B
__pcstackBANK0                  cstackBANK0  003B
__pcstackCOMMON                 cstackCOMMON 0070
__pfunctab                      functab      0025
__pintentry                     intentry     0004
__pmaintext                     maintext     04DE
__pstrings                      strings      0606
__ptext1                        text1        0669
__ptext10                       text10       047D
__ptext11                       text11       05DB
__ptext12                       text12       01AC
__ptext13                       text13       02C7
__ptext14                       text14       05F1
__ptext15                       text15       0617
__ptext16                       text16       0654
__ptext17                       text17       065A
__ptext18                       text18       00C2
__ptext19                       text19       0145
__ptext2                        text2        0638
__ptext20                       text20       03C1
__ptext21                       text21       0556
__ptext22                       text22       0447
__ptext23                       text23       04AE
__ptext24                       text24       0530
__ptext25                       text25       031D
__ptext26                       text26       026E
__ptext27                       text27       0407
__ptext28                       text28       003B
__ptext29                       text29       0211
__ptext3                        text3        0628
__ptext30                       text30       0660
__ptext31                       text31       0373
__ptext32                       text32       066B
__ptext4                        text4        0665
__ptext5                        text5        057B
__ptext6                        text6        05C0
__ptext7                        text7        064E
__ptext8                        text8        050A
__ptext9                        text9        059E
__size_of_Buttons_Init          (abs)        0000
__size_of_Buttons_Update        (abs)        0000
__size_of_Clock_Hour_Setting    (abs)        0000
__size_of_Clock_Init            (abs)        0000
__size_of_Clock_Minutes_Setting (abs)        0000
__size_of_Clock_Normal          (abs)        0000
__size_of_Clock_Update          (abs)        0000
__size_of_Display_Blink         (abs)        0000
__size_of_Display_Init          (abs)        0000
__size_of_Display_Normal        (abs)        0000
__size_of_Display_Update        (abs)        0000
__size_of_EXTI_SettingButton_CB (abs)        0000
__size_of_GPIO_Init             (abs)        0000
__size_of_ISR                   (abs)        0000
__size_of_ModeManager_Init      (abs)        0000
__size_of_ModeManager_Update    (abs)        0000
__size_of_SSD_DigitSelector     (abs)        0000
__size_of_SSD_Display           (abs)        0000
__size_of_Scheduler_Init        (abs)        0000
__size_of_Scheduler_Task1       (abs)        0000
__size_of_Scheduler_Task2       (abs)        0000
__size_of_Scheduler_Task3       (abs)        0000
__size_of_Scheduler_Update      (abs)        0000
__size_of_Timer0_CB             (abs)        0000
__size_of_Timer_Init            (abs)        0000
__size_of_Timer_Start           (abs)        0000
__size_of___awdiv               (abs)        0000
__size_of___awmod               (abs)        0000
__size_of___bmul                (abs)        0000
__size_of___llmod               (abs)        0000
__size_of___wmul                (abs)        0000
__size_of__i1fptable            (abs)        0000
__size_of_main                  (abs)        0000
__size_of_memset                (abs)        0000
__stringbase                    strings      060B
__stringtab                     strings      0606
_main                           maintext     04DE
_memset                         text9        059E
btemp                           (abs)        007E
clear_ram0                      clrtext      0646
end_of_initialization           cinit        0021
fpbase                          (abs)        0000
fptable                         functab      0025
fptotal                         (abs)        0000
i1fpbase                        functab      002B
i1fptable                       functab      0026
i1fptotal                       (abs)        000A
interrupt_function              intentry     0004
intlevel0                       functab      0025
intlevel1                       functab      0025
intlevel2                       functab      0025
intlevel3                       functab      0025
intlevel4                       functab      0025
intlevel5                       functab      0025
memset@c                        cstackBANK0  0048
memset@n                        cstackBANK0  004A
memset@p                        cstackBANK0  004C
memset@p1                       cstackBANK0  004D
reset_vec                       reset_vec    0000
saved_w                         (abs)        007E
start                           init         0012
start_initialization            cinit        0015
wtemp0                          (abs)        007E


FUNCTION INFORMATION:

 *************** function _main *****************
 Defined at:
		line 18 in file "main.c"
 Parameters:    Size  Location     Type
		None
 Auto vars:     Size  Location     Type
		None
 Return value:  Size  Location     Type
                  1    wreg      void 
 Registers used:
		wreg, fsr0l, fsr0h, status,2, status,0, btemp+1, pclath, cstack
 Tracked objects:
		On entry : 
		On exit  : 
		Unchanged: 
 Data sizes:     COMMON   BANK0   BANK1   BANK3   BANK2
      Params:         0       0       0       0       0
      Locals:         0       0       0       0       0
      Temps:          0       0       0       0       0
      Totals:         0       0       0       0       0
Total ram usage:        0 bytes
 Hardware stack levels required when called:    9
 This function calls:
		_Buttons_Init
		_Clock_Init
		_Display_Init
		_GPIO_Init
		_ModeManager_Init
		_Scheduler_Init
		_Timer_Init
		_Timer_Start
 This function is called by:
		Startup code after reset
 This function uses a non-reentrant model


 *************** function _Timer_Start *****************
 Defined at:
		line 33 in file "Timer/Timer.c"
 Parameters:    Size  Location     Type
		None
 Auto vars:     Size  Location     Type
		None
 Return value:  Size  Location     Type
                  1    wreg      void 
 Registers used:
		None
 Tracked objects:
		On entry : 
		On exit  : 
		Unchanged: 
 Data sizes:     COMMON   BANK0   BANK1   BANK3   BANK2
      Params:         0       0       0       0       0
      Locals:         0       0       0       0       0
      Temps:          0       0       0       0       0
      Totals:         0       0       0       0       0
Total ram usage:        0 bytes
 Hardware stack levels used:    1
 Hardware stack levels required when called:    7
 This function calls:
		Nothing
 This function is called by:
		_main
 This function uses a non-reentrant model


 *************** function _Timer_Init *****************
 Defined at:
		line 14 in file "Timer/Timer.c"
 Parameters:    Size  Location     Type
		None
 Auto vars:     Size  Location     Type
		None
 Return value:  Size  Location     Type
                  1    wreg      void 
 Registers used:
		wreg
 Tracked objects:
		On entry : 
		On exit  : 
		Unchanged: 
 Data sizes:     COMMON   BANK0   BANK1   BANK3   BANK2
      Params:         0       0       0       0       0
      Locals:         0       0       0       0       0
      Temps:          0       0       0       0       0
      Totals:         0       0       0       0       0
Total ram usage:        0 bytes
 Hardware stack levels used:    1
 Hardware stack levels required when called:    7
 This function calls:
		Nothing
 This function is called by:
		_main
 This function uses a non-reentrant model


 *************** function _Scheduler_Init *****************
 Defined at:
		line 11 in file "Scheduler/Scheduler.c"
 Parameters:    Size  Location     Type
		None
 Auto vars:     Size  Location     Type
		None
 Return value:  Size  Location     Type
                  1    wreg      void 
 Registers used:
		wreg, fsr0l, fsr0h, status,2, status,0, btemp+1, pclath, cstack
 Tracked objects:
		On entry : 
		On exit  : 
		Unchanged: 
 Data sizes:     COMMON   BANK0   BANK1   BANK3   BANK2
      Params:         0       0       0       0       0
      Locals:         0       0       0       0       0
      Temps:          0       0       0       0       0
      Totals:         0       0       0       0       0
Total ram usage:        0 bytes
 Hardware stack levels used:    1
 Hardware stack levels required when called:    8
 This function calls:
		_memset
 This function is called by:
		_main
 This function uses a non-reentrant model


 *************** function _ModeManager_Init *****************
 Defined at:
		line 11 in file "ModeManger/ModeManager.c"
 Parameters:    Size  Location     Type
		None
 Auto vars:     Size  Location     Type
		None
 Return value:  Size  Location     Type
                  1    wreg      void 
 Registers used:
		status,2
 Tracked objects:
		On entry : 
		On exit  : 
		Unchanged: 
 Data sizes:     COMMON   BANK0   BANK1   BANK3   BANK2
      Params:         0       0       0       0       0
      Locals:         0       0       0       0       0
      Temps:          0       0       0       0       0
      Totals:         0       0       0       0       0
Total ram usage:        0 bytes
 Hardware stack levels used:    1
 Hardware stack levels required when called:    7
 This function calls:
		Nothing
 This function is called by:
		_main
 This function uses a non-reentrant model


 *************** function _GPIO_Init *****************
 Defined at:
		line 9 in file "gpio/gpio.c"
 Parameters:    Size  Location     Type
		None
 Auto vars:     Size  Location     Type
		None
 Return value:  Size  Location     Type
                  1    wreg      void 
 Registers used:
		wreg, status,2, status,0, btemp+1
 Tracked objects:
		On entry : 
		On exit  : 
		Unchanged: 
 Data sizes:     COMMON   BANK0   BANK1   BANK3   BANK2
      Params:         0       0       0       0       0
      Locals:         0       0       0       0       0
      Temps:          0       0       0       0       0
      Totals:         0       0       0       0       0
Total ram usage:        0 bytes
 Hardware stack levels used:    1
 Hardware stack levels required when called:    7
 This function calls:
		Nothing
 This function is called by:
		_main
 This function uses a non-reentrant model


 *************** function _Display_Init *****************
 Defined at:
		line 20 in file "Display/Display.c"
 Parameters:    Size  Location     Type
		None
 Auto vars:     Size  Location     Type
		None
 Return value:  Size  Location     Type
                  1    wreg      void 
 Registers used:
		wreg, status,2, status,0, btemp+1
 Tracked objects:
		On entry : 
		On exit  : 
		Unchanged: 
 Data sizes:     COMMON   BANK0   BANK1   BANK3   BANK2
      Params:         0       0       0       0       0
      Locals:         0       0       0       0       0
      Temps:          0       0       0       0       0
      Totals:         0       0       0       0       0
Total ram usage:        0 bytes
 Hardware stack levels used:    1
 Hardware stack levels required when called:    7
 This function calls:
		Nothing
 This function is called by:
		_main
 This function uses a non-reentrant model


 *************** function _Clock_Init *****************
 Defined at:
		line 23 in file "Clock/Clock.c"
 Parameters:    Size  Location     Type
		None
 Auto vars:     Size  Location     Type
		None
 Return value:  Size  Location     Type
                  1    wreg      void 
 Registers used:
		status,2
 Tracked objects:
		On entry : 
		On exit  : 
		Unchanged: 
 Data sizes:     COMMON   BANK0   BANK1   BANK3   BANK2
      Params:         0       0       0       0       0
      Locals:         0       0       0       0       0
      Temps:          0       0       0       0       0
      Totals:         0       0       0       0       0
Total ram usage:        0 bytes
 Hardware stack levels used:    1
 Hardware stack levels required when called:    7
 This function calls:
		Nothing
 This function is called by:
		_main
 This function uses a non-reentrant model


 *************** function _Buttons_Init *****************
 Defined at:
		line 16 in file "Buttons/Buttons.c"
 Parameters:    Size  Location     Type
		None
 Auto vars:     Size  Location     Type
		None
 Return value:  Size  Location     Type
                  1    wreg      void 
 Registers used:
		wreg, fsr0l, fsr0h, status,2, status,0, btemp+1, pclath, cstack
 Tracked objects:
		On entry : 
		On exit  : 
		Unchanged: 
 Data sizes:     COMMON   BANK0   BANK1   BANK3   BANK2
      Params:         0       0       0       0       0
      Locals:         0       0       0       0       0
      Temps:          0       0       0       0       0
      Totals:         0       0       0       0       0
Total ram usage:        0 bytes
 Hardware stack levels used:    1
 Hardware stack levels required when called:    8
 This function calls:
		_memset
 This function is called by:
		_main
 This function uses a non-reentrant model


 *************** function _memset *****************
 Defined at:
		line 8 in file "C:\Program Files (x86)\Microchip\xc8\v2.20\pic\sources\c90\common\memset.c"
 Parameters:    Size  Location     Type
  p1              1    wreg     PTR void 
		 -> Debounce_DownButton(3), Debounce_UpButton(3), Task_Flag(3), 
  c               2   13[BANK0 ] int 
  n               2   15[BANK0 ] unsigned int 
 Auto vars:     Size  Location     Type
  p1              1   18[BANK0 ] PTR void 
		 -> Debounce_DownButton(3), Debounce_UpButton(3), Task_Flag(3), 
  p               1   17[BANK0 ] PTR unsigned char 
		 -> Debounce_DownButton(3), Debounce_UpButton(3), Task_Flag(3), 
 Return value:  Size  Location     Type
                  1    wreg      PTR void 
 Registers used:
		wreg, fsr0l, fsr0h, status,2, status,0, btemp+1
 Tracked objects:
		On entry : 
		On exit  : 
		Unchanged: 
 Data sizes:     COMMON   BANK0   BANK1   BANK3   BANK2
      Params:         0       4       0       0       0
      Locals:         0       2       0       0       0
      Temps:          0       0       0       0       0
      Totals:         0       6       0       0       0
Total ram usage:        6 bytes
 Hardware stack levels used:    1
 Hardware stack levels required when called:    7
 This function calls:
		Nothing
 This function is called by:
		_Scheduler_Init
		_Buttons_Init
 This function uses a non-reentrant model


 *************** function _ISR *****************
 Defined at:
		line 10 in file "Interrupt/Interrupt.c"
 Parameters:    Size  Location     Type
		None
 Auto vars:     Size  Location     Type
		None
 Return value:  Size  Location     Type
                  1    wreg      void 
 Registers used:
		wreg, fsr0l, fsr0h, status,2, status,0, btemp+1, pclath, cstack
 Tracked objects:
		On entry : 
		On exit  : 
		Unchanged: 
 Data sizes:     COMMON   BANK0   BANK1   BANK3   BANK2
      Params:         0       0       0       0       0
      Locals:         0       0       0       0       0
      Temps:          0       4       0       0       0
      Totals:         0       4       0       0       0
Total ram usage:        4 bytes
 Hardware stack levels used:    1
 Hardware stack levels required when called:    6
 This function calls:
		_EXTI_SettingButton_CB
		_Timer0_CB
 This function is called by:
		Interrupt level 1
 This function uses a non-reentrant model


 *************** function _Timer0_CB *****************
 Defined at:
		line 38 in file "Timer/Timer.c"
 Parameters:    Size  Location     Type
		None
 Auto vars:     Size  Location     Type
		None
 Return value:  Size  Location     Type
                  1    wreg      void 
 Registers used:
		wreg, fsr0l, fsr0h, status,2, status,0, btemp+1, pclath, cstack
 Tracked objects:
		On entry : 
		On exit  : 
		Unchanged: 
 Data sizes:     COMMON   BANK0   BANK1   BANK3   BANK2
      Params:         0       0       0       0       0
      Locals:         0       0       0       0       0
      Temps:          0       0       0       0       0
      Totals:         0       0       0       0       0
Total ram usage:        0 bytes
 Hardware stack levels used:    1
 Hardware stack levels required when called:    5
 This function calls:
		_Scheduler_Update
 This function is called by:
		_ISR
 This function uses a non-reentrant model


 *************** function _Scheduler_Update *****************
 Defined at:
		line 16 in file "Scheduler/Scheduler.c"
 Parameters:    Size  Location     Type
		None
 Auto vars:     Size  Location     Type
  i               1    8[BANK0 ] unsigned char 
 Return value:  Size  Location     Type
                  1    wreg      void 
 Registers used:
		wreg, fsr0l, fsr0h, status,2, status,0, btemp+1, pclath, cstack
 Tracked objects:
		On entry : 
		On exit  : 
		Unchanged: 
 Data sizes:     COMMON   BANK0   BANK1   BANK3   BANK2
      Params:         0       0       0       0       0
      Locals:         0       1       0       0       0
      Temps:          0       6       0       0       0
      Totals:         0       7       0       0       0
Total ram usage:        7 bytes
 Hardware stack levels used:    1
 Hardware stack levels required when called:    4
 This function calls:
		_Scheduler_Task1
		_Scheduler_Task2
		_Scheduler_Task3
		___bmul
		___llmod
 This function is called by:
		_Timer0_CB
 This function uses a non-reentrant model


 *************** function ___llmod *****************
 Defined at:
		line 5 in file "C:\Program Files (x86)\Microchip\xc8\v2.20\pic\sources\c90\common\llmod.c"
 Parameters:    Size  Location     Type
  divisor         4    3[COMMON] unsigned long 
  dividend        4    7[COMMON] unsigned long 
 Auto vars:     Size  Location     Type
  counter         1    1[BANK0 ] unsigned char 
 Return value:  Size  Location     Type
                  4    3[COMMON] unsigned long 
 Registers used:
		wreg, status,2, status,0, btemp+1
 Tracked objects:
		On entry : 
		On exit  : 
		Unchanged: 
 Data sizes:     COMMON   BANK0   BANK1   BANK3   BANK2
      Params:         8       0       0       0       0
      Locals:         0       1       0       0       0
      Temps:          0       1       0       0       0
      Totals:         8       2       0       0       0
Total ram usage:       10 bytes
 Hardware stack levels used:    1
 This function calls:
		Nothing
 This function is called by:
		_Scheduler_Update
 This function uses a non-reentrant model


 *************** function ___bmul *****************
 Defined at:
		line 4 in file "C:\Program Files (x86)\Microchip\xc8\v2.20\pic\sources\c90\common\Umul8.c"
 Parameters:    Size  Location     Type
  multiplier      1    wreg     unsigned char 
  multiplicand    1    0[COMMON] unsigned char 
 Auto vars:     Size  Location     Type
  multiplier      1    2[COMMON] unsigned char 
  product         1    1[COMMON] unsigned char 
 Return value:  Size  Location     Type
                  1    wreg      unsigned char 
 Registers used:
		wreg, status,2, status,0, btemp+1
 Tracked objects:
		On entry : 
		On exit  : 
		Unchanged: 
 Data sizes:     COMMON   BANK0   BANK1   BANK3   BANK2
      Params:         1       0       0       0       0
      Locals:         2       0       0       0       0
      Temps:          0       0       0       0       0
      Totals:         3       0       0       0       0
Total ram usage:        3 bytes
 Hardware stack levels used:    1
 This function calls:
		Nothing
 This function is called by:
		_Scheduler_Update
 This function uses a non-reentrant model


 *************** function _Scheduler_Task2 *****************
 Defined at:
		line 24 in file "Scheduler/Task.c"
 Parameters:    Size  Location     Type
		None
 Auto vars:     Size  Location     Type
		None
 Return value:  Size  Location     Type
                  1    wreg      void 
 Registers used:
		wreg, fsr0l, fsr0h, status,2, status,0, btemp+1, pclath, cstack
 Tracked objects:
		On entry : 
		On exit  : 
		Unchanged: 
 Data sizes:     COMMON   BANK0   BANK1   BANK3   BANK2
      Params:         0       0       0       0       0
      Locals:         0       0       0       0       0
      Temps:          0       0       0       0       0
      Totals:         0       0       0       0       0
Total ram usage:        0 bytes
 Hardware stack levels used:    1
 Hardware stack levels required when called:    2
 This function calls:
		_Buttons_Update
		_ModeManager_Update
 This function is called by:
		_Scheduler_Update
 This function uses a non-reentrant model


 *************** function _Scheduler_Task1 *****************
 Defined at:
		line 17 in file "Scheduler/Task.c"
 Parameters:    Size  Location     Type
		None
 Auto vars:     Size  Location     Type
		None
 Return value:  Size  Location     Type
                  1    wreg      void 
 Registers used:
		wreg, fsr0l, fsr0h, status,2, status,0, btemp+1, pclath, cstack
 Tracked objects:
		On entry : 
		On exit  : 
		Unchanged: 
 Data sizes:     COMMON   BANK0   BANK1   BANK3   BANK2
      Params:         0       0       0       0       0
      Locals:         0       0       0       0       0
      Temps:          0       0       0       0       0
      Totals:         0       0       0       0       0
Total ram usage:        0 bytes
 Hardware stack levels used:    1
 Hardware stack levels required when called:    3
 This function calls:
		_Display_Update
 This function is called by:
		_Scheduler_Update
 This function uses a non-reentrant model


 *************** function _Scheduler_Task3 *****************
 Defined at:
		line 32 in file "Scheduler/Task.c"
 Parameters:    Size  Location     Type
		None
 Auto vars:     Size  Location     Type
		None
 Return value:  Size  Location     Type
                  1    wreg      void 
 Registers used:
		wreg, fsr0l, fsr0h, status,2, status,0, btemp+1, pclath, cstack
 Tracked objects:
		On entry : 
		On exit  : 
		Unchanged: 
 Data sizes:     COMMON   BANK0   BANK1   BANK3   BANK2
      Params:         0       0       0       0       0
      Locals:         0       0       0       0       0
      Temps:          0       0       0       0       0
      Totals:         0       0       0       0       0
Total ram usage:        0 bytes
 Hardware stack levels used:    1
 Hardware stack levels required when called:    3
 This function calls:
		_Clock_Update
 This function is called by:
		_Scheduler_Update
 This function uses a non-reentrant model


 *************** function _Clock_Update *****************
 Defined at:
		line 31 in file "Clock/Clock.c"
 Parameters:    Size  Location     Type
		None
 Auto vars:     Size  Location     Type
		None
 Return value:  Size  Location     Type
                  1    wreg      void 
 Registers used:
		wreg, fsr0l, fsr0h, status,2, status,0, btemp+1, pclath, cstack
 Tracked objects:
		On entry : 
		On exit  : 
		Unchanged: 
 Data sizes:     COMMON   BANK0   BANK1   BANK3   BANK2
      Params:         0       0       0       0       0
      Locals:         0       0       0       0       0
      Temps:          2       0       0       0       0
      Totals:         2       0       0       0       0
Total ram usage:        2 bytes
 Hardware stack levels used:    1
 Hardware stack levels required when called:    2
 This function calls:
		_Clock_Hour_Setting
		_Clock_Minutes_Setting
		_Clock_Normal
		___awdiv
		___awmod
 This function is called by:
		_Scheduler_Task3
 This function uses a non-reentrant model


 *************** function ___awdiv *****************
 Defined at:
		line 5 in file "C:\Program Files (x86)\Microchip\xc8\v2.20\pic\sources\c90\common\awdiv.c"
 Parameters:    Size  Location     Type
  divisor         2    0[COMMON] int 
  dividend        2    2[COMMON] int 
 Auto vars:     Size  Location     Type
  quotient        2    6[COMMON] int 
  sign            1    5[COMMON] unsigned char 
  counter         1    4[COMMON] unsigned char 
 Return value:  Size  Location     Type
                  2    0[COMMON] int 
 Registers used:
		wreg, status,2, status,0, btemp+1
 Tracked objects:
		On entry : 
		On exit  : 
		Unchanged: 
 Data sizes:     COMMON   BANK0   BANK1   BANK3   BANK2
      Params:         4       0       0       0       0
      Locals:         4       0       0       0       0
      Temps:          0       0       0       0       0
      Totals:         8       0       0       0       0
Total ram usage:        8 bytes
 Hardware stack levels used:    1
 This function calls:
		Nothing
 This function is called by:
		_Clock_Update
 This function uses a non-reentrant model


 *************** function _Clock_Normal *****************
 Defined at:
		line 52 in file "Clock/Clock.c"
 Parameters:    Size  Location     Type
		None
 Auto vars:     Size  Location     Type
		None
 Return value:  Size  Location     Type
                  1    wreg      void 
 Registers used:
		wreg, status,2, status,0, btemp+1, pclath, cstack
 Tracked objects:
		On entry : 
		On exit  : 
		Unchanged: 
 Data sizes:     COMMON   BANK0   BANK1   BANK3   BANK2
      Params:         0       0       0       0       0
      Locals:         0       0       0       0       0
      Temps:          2       0       0       0       0
      Totals:         2       0       0       0       0
Total ram usage:        2 bytes
 Hardware stack levels used:    1
 Hardware stack levels required when called:    1
 This function calls:
		___wmul
 This function is called by:
		_Clock_Update
 This function uses a non-reentrant model


 *************** function ___wmul *****************
 Defined at:
		line 15 in file "C:\Program Files (x86)\Microchip\xc8\v2.20\pic\sources\c90\common\Umul16.c"
 Parameters:    Size  Location     Type
  multiplier      2    0[COMMON] unsigned int 
  multiplicand    2    2[COMMON] unsigned int 
 Auto vars:     Size  Location     Type
  product         2    4[COMMON] unsigned int 
 Return value:  Size  Location     Type
                  2    0[COMMON] unsigned int 
 Registers used:
		wreg, status,2, status,0
 Tracked objects:
		On entry : 
		On exit  : 
		Unchanged: 
 Data sizes:     COMMON   BANK0   BANK1   BANK3   BANK2
      Params:         4       0       0       0       0
      Locals:         2       0       0       0       0
      Temps:          0       0       0       0       0
      Totals:         6       0       0       0       0
Total ram usage:        6 bytes
 Hardware stack levels used:    1
 This function calls:
		Nothing
 This function is called by:
		_Clock_Normal
 This function uses a non-reentrant model


 *************** function _Clock_Minutes_Setting *****************
 Defined at:
		line 113 in file "Clock/Clock.c"
 Parameters:    Size  Location     Type
		None
 Auto vars:     Size  Location     Type
		None
 Return value:  Size  Location     Type
                  1    wreg      void 
 Registers used:
		wreg, status,2, status,0, btemp+1
 Tracked objects:
		On entry : 
		On exit  : 
		Unchanged: 
 Data sizes:     COMMON   BANK0   BANK1   BANK3   BANK2
      Params:         0       0       0       0       0
      Locals:         0       0       0       0       0
      Temps:          0       0       0       0       0
      Totals:         0       0       0       0       0
Total ram usage:        0 bytes
 Hardware stack levels used:    1
 This function calls:
		Nothing
 This function is called by:
		_Clock_Update
 This function uses a non-reentrant model


 *************** function _Clock_Hour_Setting *****************
 Defined at:
		line 82 in file "Clock/Clock.c"
 Parameters:    Size  Location     Type
		None
 Auto vars:     Size  Location     Type
		None
 Return value:  Size  Location     Type
                  1    wreg      void 
 Registers used:
		wreg, status,2, status,0, btemp+1
 Tracked objects:
		On entry : 
		On exit  : 
		Unchanged: 
 Data sizes:     COMMON   BANK0   BANK1   BANK3   BANK2
      Params:         0       0       0       0       0
      Locals:         0       0       0       0       0
      Temps:          0       0       0       0       0
      Totals:         0       0       0       0       0
Total ram usage:        0 bytes
 Hardware stack levels used:    1
 This function calls:
		Nothing
 This function is called by:
		_Clock_Update
 This function uses a non-reentrant model


 *************** function _ModeManager_Update *****************
 Defined at:
		line 17 in file "ModeManger/ModeManager.c"
 Parameters:    Size  Location     Type
		None
 Auto vars:     Size  Location     Type
		None
 Return value:  Size  Location     Type
                  1    wreg      void 
 Registers used:
		wreg, fsr0l, fsr0h, status,2, status,0, btemp+1
 Tracked objects:
		On entry : 
		On exit  : 
		Unchanged: 
 Data sizes:     COMMON   BANK0   BANK1   BANK3   BANK2
      Params:         0       0       0       0       0
      Locals:         0       0       0       0       0
      Temps:          2       0       0       0       0
      Totals:         2       0       0       0       0
Total ram usage:        2 bytes
 Hardware stack levels used:    1
 This function calls:
		Nothing
 This function is called by:
		_Scheduler_Task2
 This function uses a non-reentrant model


 *************** function _Buttons_Update *****************
 Defined at:
		line 27 in file "Buttons/Buttons.c"
 Parameters:    Size  Location     Type
		None
 Auto vars:     Size  Location     Type
		None
 Return value:  Size  Location     Type
                  1    wreg      void 
 Registers used:
		wreg, fsr0l, fsr0h, status,2, status,0, btemp+1, pclath, cstack
 Tracked objects:
		On entry : 
		On exit  : 
		Unchanged: 
 Data sizes:     COMMON   BANK0   BANK1   BANK3   BANK2
      Params:         0       0       0       0       0
      Locals:         0       0       0       0       0
      Temps:          0       0       0       0       0
      Totals:         0       0       0       0       0
Total ram usage:        0 bytes
 Hardware stack levels used:    1
 Hardware stack levels required when called:    1
 This function calls:
		___awmod
 This function is called by:
		_Scheduler_Task2
 This function uses a non-reentrant model


 *************** function ___awmod *****************
 Defined at:
		line 5 in file "C:\Program Files (x86)\Microchip\xc8\v2.20\pic\sources\c90\common\awmod.c"
 Parameters:    Size  Location     Type
  divisor         2    0[COMMON] int 
  dividend        2    2[COMMON] int 
 Auto vars:     Size  Location     Type
  sign            1    5[COMMON] unsigned char 
  counter         1    4[COMMON] unsigned char 
 Return value:  Size  Location     Type
                  2    0[COMMON] int 
 Registers used:
		wreg, status,2, status,0, btemp+1
 Tracked objects:
		On entry : 
		On exit  : 
		Unchanged: 
 Data sizes:     COMMON   BANK0   BANK1   BANK3   BANK2
      Params:         4       0       0       0       0
      Locals:         2       0       0       0       0
      Temps:          0       0       0       0       0
      Totals:         6       0       0       0       0
Total ram usage:        6 bytes
 Hardware stack levels used:    1
 This function calls:
		Nothing
 This function is called by:
		_Buttons_Update
		_Clock_Update
 This function uses a non-reentrant model


 *************** function _Display_Update *****************
 Defined at:
		line 32 in file "Display/Display.c"
 Parameters:    Size  Location     Type
		None
 Auto vars:     Size  Location     Type
		None
 Return value:  Size  Location     Type
                  1    wreg      void 
 Registers used:
		wreg, fsr0l, fsr0h, status,2, status,0, btemp+1, pclath, cstack
 Tracked objects:
		On entry : 
		On exit  : 
		Unchanged: 
 Data sizes:     COMMON   BANK0   BANK1   BANK3   BANK2
      Params:         0       0       0       0       0
      Locals:         0       0       0       0       0
      Temps:          2       0       0       0       0
      Totals:         2       0       0       0       0
Total ram usage:        2 bytes
 Hardware stack levels used:    1
 Hardware stack levels required when called:    2
 This function calls:
		_Display_Blink
		_Display_Normal
		_SSD_DigitSelector
 This function is called by:
		_Scheduler_Task1
 This function uses a non-reentrant model


 *************** function _SSD_DigitSelector *****************
 Defined at:
		line 20 in file "SSD/SSD.c"
 Parameters:    Size  Location     Type
		None
 Auto vars:     Size  Location     Type
		None
 Return value:  Size  Location     Type
                  1    wreg      void 
 Registers used:
		wreg, fsr0l, fsr0h, status,2, status,0, btemp+1, pclath, cstack
 Tracked objects:
		On entry : 
		On exit  : 
		Unchanged: 
 Data sizes:     COMMON   BANK0   BANK1   BANK3   BANK2
      Params:         0       0       0       0       0
      Locals:         0       0       0       0       0
      Temps:          2       0       0       0       0
      Totals:         2       0       0       0       0
Total ram usage:        2 bytes
 Hardware stack levels used:    1
 Hardware stack levels required when called:    1
 This function calls:
		_SSD_Display
 This function is called by:
		_Display_Update
 This function uses a non-reentrant model


 *************** function _SSD_Display *****************
 Defined at:
		line 78 in file "SSD/SSD.c"
 Parameters:    Size  Location     Type
  Number          1    wreg     unsigned char 
 Auto vars:     Size  Location     Type
  Number          1    2[COMMON] unsigned char 
 Return value:  Size  Location     Type
                  1    wreg      void 
 Registers used:
		wreg, fsr0l, fsr0h, status,2, status,0
 Tracked objects:
		On entry : 
		On exit  : 
		Unchanged: 
 Data sizes:     COMMON   BANK0   BANK1   BANK3   BANK2
      Params:         0       0       0       0       0
      Locals:         1       0       0       0       0
      Temps:          2       0       0       0       0
      Totals:         3       0       0       0       0
Total ram usage:        3 bytes
 Hardware stack levels used:    1
 This function calls:
		Nothing
 This function is called by:
		_SSD_DigitSelector
 This function uses a non-reentrant model


 *************** function _Display_Normal *****************
 Defined at:
		line 100 in file "Display/Display.c"
 Parameters:    Size  Location     Type
		None
 Auto vars:     Size  Location     Type
		None
 Return value:  Size  Location     Type
                  1    wreg      void 
 Registers used:
		None
 Tracked objects:
		On entry : 
		On exit  : 
		Unchanged: 
 Data sizes:     COMMON   BANK0   BANK1   BANK3   BANK2
      Params:         0       0       0       0       0
      Locals:         0       0       0       0       0
      Temps:          0       0       0       0       0
      Totals:         0       0       0       0       0
Total ram usage:        0 bytes
 Hardware stack levels used:    1
 This function calls:
		Nothing
 This function is called by:
		_Display_Update
 This function uses a non-reentrant model


 *************** function _Display_Blink *****************
 Defined at:
		line 59 in file "Display/Display.c"
 Parameters:    Size  Location     Type
  Times_Ms        2    0[COMMON] unsigned int 
  _MODE_          1    2[COMMON] enum E879
 Auto vars:     Size  Location     Type
		None
 Return value:  Size  Location     Type
                  1    wreg      void 
 Registers used:
		wreg, status,2, status,0, btemp+1
 Tracked objects:
		On entry : 
		On exit  : 
		Unchanged: 
 Data sizes:     COMMON   BANK0   BANK1   BANK3   BANK2
      Params:         3       0       0       0       0
      Locals:         0       0       0       0       0
      Temps:          0       0       0       0       0
      Totals:         3       0       0       0       0
Total ram usage:        3 bytes
 Hardware stack levels used:    1
 This function calls:
		Nothing
 This function is called by:
		_Display_Update
 This function uses a non-reentrant model


 *************** function _EXTI_SettingButton_CB *****************
 Defined at:
		line 50 in file "Buttons/Buttons.c"
 Parameters:    Size  Location     Type
		None
 Auto vars:     Size  Location     Type
		None
 Return value:  Size  Location     Type
                  1    wreg      void 
 Registers used:
		None
 Tracked objects:
		On entry : 
		On exit  : 
		Unchanged: 
 Data sizes:     COMMON   BANK0   BANK1   BANK3   BANK2
      Params:         0       0       0       0       0
      Locals:         0       0       0       0       0
      Temps:          0       0       0       0       0
      Totals:         0       0       0       0       0
Total ram usage:        0 bytes
 Hardware stack levels used:    1
 This function calls:
		Nothing
 This function is called by:
		_ISR
 This function uses a non-reentrant model



MODULE INFORMATION

Module		Function		Class		Link	Load	Size
SSD/SSD.c
		_SSD_Display   		CODE           	0211	0000	94
		_SSD_DigitSelector		CODE           	003B	0000	136

SSD/SSD.c estimated size: 230

Scheduler/Scheduler.c
		_Scheduler_Update		CODE           	01AC	0000	102
		_Scheduler_Init		CODE           	0628	0000	17

Scheduler/Scheduler.c estimated size: 119

ModeManger/ModeManager.c
		_ModeManager_Update		CODE           	0530	0000	39
		_ModeManager_Init		CODE           	0665	0000	5

ModeManger/ModeManager.c estimated size: 44

Scheduler/Task.c
		_Scheduler_Task1		CODE           	0654	0000	7
		_Scheduler_Task2		CODE           	0617	0000	18
		_Scheduler_Task3		CODE           	065A	0000	7

Scheduler/Task.c estimated size: 32

C:\Program Files (x86)\Microchip\xc8\v2.20\pic\sources\c90\common\awmod.c
		___awmod       		CODE           	026E	0000	90

C:\Program Files (x86)\Microchip\xc8\v2.20\pic\sources\c90\common\awmod.c estimated size: 90

Clock/Clock.c
		_Clock_Update  		CODE           	00C2	0000	132
		_Clock_Normal  		CODE           	03C1	0000	71
		_Clock_Hour_Setting		CODE           	04AE	0000	49
		_Clock_Init    		CODE           	064E	0000	7
		_Clock_Minutes_Setting		CODE           	0447	0000	55

Clock/Clock.c estimated size: 314

Display/Display.c
		_Display_Update		CODE           	0407	0000	65
		_Display_Normal		CODE           	0660	0000	6
		_Display_Init  		CODE           	05C0	0000	28
		_Display_Blink 		CODE           	0373	0000	79

Display/Display.c estimated size: 178

C:\Program Files (x86)\Microchip\xc8\v2.20\pic\sources\c90\common\llmod.c
		___llmod       		CODE           	02C7	0000	87

C:\Program Files (x86)\Microchip\xc8\v2.20\pic\sources\c90\common\llmod.c estimated size: 87

gpio/gpio.c
		_GPIO_Init     		CODE           	057B	0000	36

gpio/gpio.c estimated size: 36

shared
		__stringtab    		STRING         	0606	0000	7
		__i1fptable    		ENTRY          	0026	0000	22
		__initialization		CODE           	0015	0000	13
		_Interrupt_CbStruct		STRING         	0615	0000	3
		_Tasks         		STRING         	060C	0000	10

shared estimated size: 55

C:\Program Files (x86)\Microchip\xc8\v2.20\pic\sources\c90\common\memset.c
		_memset        		CODE           	059E	0000	35

C:\Program Files (x86)\Microchip\xc8\v2.20\pic\sources\c90\common\memset.c estimated size: 35

C:\Program Files (x86)\Microchip\xc8\v2.20\pic\sources\c90\common\awdiv.c
		___awdiv       		CODE           	0145	0000	104

C:\Program Files (x86)\Microchip\xc8\v2.20\pic\sources\c90\common\awdiv.c estimated size: 104

Interrupt/Interrupt.c
		_ISR           		CODE           	047D	0000	50

Interrupt/Interrupt.c estimated size: 50

C:\Program Files (x86)\Microchip\xc8\v2.20\pic\sources\c90\common\Umul8.c
		___bmul        		CODE           	05F1	0000	22

C:\Program Files (x86)\Microchip\xc8\v2.20\pic\sources\c90\common\Umul8.c estimated size: 22

Buttons/Buttons.c
		_Buttons_Init  		CODE           	050A	0000	39
		_Buttons_Update		CODE           	031D	0000	87
		_EXTI_SettingButton_CB		CODE           	066B	0000	3

Buttons/Buttons.c estimated size: 129

main.c
		_main          		CODE           	04DE	0000	45

main.c estimated size: 45

Timer/Timer.c
		_Timer_Start   		CODE           	0669	0000	3
		_Timer0_CB     		CODE           	05DB	0000	23
		_Timer_Init    		CODE           	0638	0000	15

Timer/Timer.c estimated size: 41

C:\Program Files (x86)\Microchip\xc8\v2.20\pic\sources\c90\common\Umul16.c
		___wmul        		CODE           	0556	0000	38

C:\Program Files (x86)\Microchip\xc8\v2.20\pic\sources\c90\common\Umul16.c estimated size: 38

