Microchip MPLAB XC8 Compiler V2.20

Linker command line:

-W-3 --edf=C:\Program Files (x86)\Microchip\xc8\v2.20\pic\dat\en_msgs.txt \
  -cn -h+dist/default/production\Digital_Clock.X.production.sym \
  --cmf=dist/default/production\Digital_Clock.X.production.cmf -z -Q16F877A \
  -oC:\Users\ABDALA~1\AppData\Local\Temp\s2lc.2 --defsym=__MPLAB_BUILD=1 \
  -Mdist/default/production/Digital_Clock.X.production.map -E1 \
  -ver=XC8 Compiler --acfsm=1493 -ASTACK=0110h-016Fh -pstack=STACK \
  -ACODE=00h-07FFhx4 -ASTRCODE=00h-01FFFh -ASTRING=00h-0FFhx32 \
  -ACONST=00h-0FFhx32 -AENTRY=00h-0FFhx32 -ACOMMON=070h-07Fh \
  -ABANK0=020h-06Fh -ABANK1=0A0h-0EFh -ABANK2=0110h-016Fh \
  -ABANK3=0190h-01EFh -ARAM=020h-06Fh,0A0h-0EFh,0110h-016Fh,0190h-01EFh \
  -AABS1=020h-07Fh,0A0h-0EFh,0110h-016Fh,0190h-01EFh -ASFR0=00h-01Fh \
  -ASFR1=080h-09Fh -ASFR2=0100h-010Fh -ASFR3=0180h-018Fh \
  -ACONFIG=02007h-02007h -DCONFIG=2 -AIDLOC=02000h-02003h -DIDLOC=2 \
  -preset_vec=00h,intentry=04h,init,end_init -ppowerup=CODE -pcinit=CODE \
  -pfunctab=ENTRY -AEEDATA=00h-0FFh/02100h -peeprom_data=EEDATA -DEEDATA=2 \
  -DCODE=2 -DSTRCODE=2 -DSTRING=2 -DCONST=2 -DENTRY=2 -k \
  C:\Users\ABDALA~1\AppData\Local\Temp\s2lc.o \
  dist/default/production\Digital_Clock.X.production.o 

Object code version is 3.11

Machine type is 16F877A



                Name                               Link     Load   Length Selector   Space Scale
C:\Users\ABDALA~1\AppData\Local\Temp\s2lc.o
                end_init                             12       12        3        8       0
                reset_vec                             0        0        3        0       0
                config                             2007     2007        1        0       4
dist/default/production\Digital_Clock.X.production.o
                cinit                                15       15        D        8       0
                functab                              22       22       1D       44       0
                intentry                              4        4        E        8       0
                config                             2007     2007        1        0       4
                text16                              2A3      2A3        4      4CE       0
                text15                               AF       AF       68       7E       0
                text14                              117      117       56       7E       0
                text13                              241      241       15       7E       0
                text12                               3F       3F       70       7E       0
                text11                              1F5      1F5       1E       7E       0
                text10                              16D      16D       32       7E       0
                text9                               1CF      1CF       26       7E       0
                text8                               267      267       10      4CE       0
                text7                               29C      29C        7      4CE       0
                text6                               295      295        7      4CE       0
                text5                               28E      28E        7      4CE       0
                text4                               22A      22A       17       7E       0
                text3                               19F      19F       30       7E       0
                text2                               277      277        F      4CE       0
                text1                               2A7      2A7        2      4CE       0
                maintext                            213      213       17       7E       0
                cstackBANK0                          20       20       20       20       1
                cstackCOMMON                         70       70        E       70       1
                cstackBANK1                          A0       A0        2       A0       1
                clrtext                             286      286        8      4CE       0
                bssBANK0                             40       40       14       20       1
                strings                             256      256       11      4AC       0

TOTAL           Name                               Link     Load   Length     Space
        CLASS   STACK          

        CLASS   CODE           
                end_init                             12       12        3         0
                cinit                                15       15        D         0
                intentry                              4        4        E         0
                reset_vec                             0        0        3         0
                text16                              2A3      2A3        4         0
                text15                               AF       AF       68         0
                text14                              117      117       56         0
                text13                              241      241       15         0
                text12                               3F       3F       70         0
                text11                              1F5      1F5       1E         0
                text10                              16D      16D       32         0
                text9                               1CF      1CF       26         0
                text8                               267      267       10         0
                text7                               29C      29C        7         0
                text6                               295      295        7         0
                text5                               28E      28E        7         0
                text4                               22A      22A       17         0
                text3                               19F      19F       30         0
                text2                               277      277        F         0
                text1                               2A7      2A7        2         0
                maintext                            213      213       17         0
                clrtext                             286      286        8         0

        CLASS   STRCODE        

        CLASS   STRING         
                strings                             256      256       11         0

        CLASS   CONST          

        CLASS   ENTRY          
                functab                              22       22       1D         0

        CLASS   COMMON         
                cstackCOMMON                         70       70        E         1

        CLASS   BANK0          
                cstackBANK0                          20       20       20         1
                bssBANK0                             40       40       14         1

        CLASS   BANK1          
                cstackBANK1                          A0       A0        2         1

        CLASS   BANK2          

        CLASS   BANK3          

        CLASS   RAM            

        CLASS   ABS1           
                abs_s1                               7E       7E        2         1

        CLASS   SFR0           

        CLASS   SFR1           

        CLASS   SFR2           

        CLASS   SFR3           

        CLASS   CONFIG         
                config                             2007     2007        1         4

        CLASS   IDLOC          

        CLASS   EEDATA         



SEGMENTS        Name                           Load    Length   Top    Selector   Space  Class     Delta

                reset_vec                      000000  000003  000003         0       0  CODE        2
                intentry                       000004  00001E  000022         8       0  CODE        2
                cstackBANK0                    000020  000034  000054        20       1  BANK0       1
                functab                        000022  00001D  00003F        44       0  ENTRY       2
                cstackCOMMON                   000070  00000E  00007E        70       1  COMMON      1
                text12                         00003F  000217  000256        7E       0  CODE        2
                cstackBANK1                    0000A0  000002  0000A2        A0       1  BANK1       1
                strings                        000256  000011  000267       4AC       0  STRING      2
                text8                          000267  000042  0002A9       4CE       0  CODE        2


UNUSED ADDRESS RANGES

        Name                Unused          Largest block    Delta
        BANK0            0054-006F             1C           1
        BANK1            00A2-00EF             4E           1
        BANK2            0110-016F             60           1
        BANK3            0190-01EF             60           1
        CODE             0003-0003              1           2
                         02A9-1FFF            800
        CONST            0003-0003              1           2
                         02A9-1FFF            100
        EEDATA           2100-21FF            100           2
        ENTRY            0003-0003              1           2
                         02A9-1FFF            100
        IDLOC            2000-2003              4           2
        RAM              0054-006F             1C           1
                         00A2-00EF             4E
                         0110-016F             60
                         0190-01EF             60
        SFR0             0000-001F             20           1
        SFR1             0080-009F             20           1
        SFR2             0100-010F             10           1
        SFR3             0180-018F             10           1
        STACK            0110-016F             60           1
        STRCODE          0003-0003              1           2
                         02A9-1FFF           1D57
        STRING           0003-0003              1           2
                         02A9-1FFF            100

                                  Symbol Table

?___lldiv                       cstackCOMMON 0073
?___llmod                       cstackBANK0  0025
Buttons_Update@Debounce_Counter bssBANK0     0048
Scheduler_Active@System_Tick    cstackBANK0  002D
Scheduler_Active@i              cstackBANK0  0037
Scheduler_Update@i              cstackBANK0  003F
_ButtonsFlag                    bssBANK0     004A
_Clock                          bssBANK0     0044
_Debounce_DownButton            bssBANK0     004B
_Debounce_UpButton              bssBANK0     004E
_EXTI_SettingButton_CB          text16       02A3
_INTCONbits                     (abs)        000B
_ISR                            text10       016D
_Interrupt_CbStruct             strings      0265
_MODE                           bssBANK0     0049
_OPTION_REGbits                 (abs)        0081
_PORTB                          (abs)        0006
_Scheduler_Active               text12       003F
_Scheduler_Init                 text8        0267
_Scheduler_Task1                text6        0295
_Scheduler_Task2                text5        028E
_Scheduler_Task3                text7        029C
_Scheduler_Update               text3        019F
_TMR0                           (abs)        0001
_TRISA                          (abs)        0085
_TRISB                          (abs)        0086
_TRISD                          (abs)        0088
_Task_Flag                      bssBANK0     0051
_Tasks                          strings      025C
_Tick                           bssBANK0     0040
_Timer0_CB                      text11       01F5
_Timer_Init                     text2        0277
_Timer_Start                    text1        02A7
__Habs1                         abs1         0000
__Hbank0                        bank0        0000
__Hbank1                        bank1        0000
__Hbank2                        bank2        0000
__Hbank3                        bank3        0000
__HbssBANK0                     bssBANK0     0000
__Hcinit                        cinit        0022
__Hclrtext                      clrtext      0000
__Hcode                         code         0000
__Hcommon                       common       0000
__Hconfig                       config       2008
__HcstackBANK0                  cstackBANK0  0000
__HcstackBANK1                  cstackBANK1  0000
__HcstackCOMMON                 cstackCOMMON 0000
__Heeprom_data                  eeprom_data  0000
__Hend_init                     end_init     0015
__Hfunctab                      functab      003F
__Hinit                         init         0012
__Hintentry                     intentry     0012
__Hmaintext                     maintext     0000
__Hpowerup                      powerup      0000
__Hram                          ram          0000
__Hreset_vec                    reset_vec    0003
__Hsfr0                         sfr0         0000
__Hsfr1                         sfr1         0000
__Hsfr2                         sfr2         0000
__Hsfr3                         sfr3         0000
__Hspace_0                      (abs)        02A9
__Hspace_1                      (abs)        00A2
__Hspace_2                      (abs)        0000
__Hspace_3                      (abs)        0000
__Hspace_4                      (abs)        400F
__Hstack                        stack        0000
__Hstrings                      strings      0000
__Htext                         text         0000
__Labs1                         abs1         0000
__Lbank0                        bank0        0000
__Lbank1                        bank1        0000
__Lbank2                        bank2        0000
__Lbank3                        bank3        0000
__LbssBANK0                     bssBANK0     0000
__Lcinit                        cinit        0015
__Lclrtext                      clrtext      0000
__Lcode                         code         0000
__Lcommon                       common       0000
__Lconfig                       config       0000
__LcstackBANK0                  cstackBANK0  0000
__LcstackBANK1                  cstackBANK1  0000
__LcstackCOMMON                 cstackCOMMON 0000
__Leeprom_data                  eeprom_data  0000
__Lend_init                     end_init     0012
__Lfunctab                      functab      0022
__Linit                         init         0012
__Lintentry                     intentry     0004
__Lmaintext                     maintext     0000
__Lpowerup                      powerup      0000
__Lram                          ram          0000
__Lreset_vec                    reset_vec    0000
__Lsfr0                         sfr0         0000
__Lsfr1                         sfr1         0000
__Lsfr2                         sfr2         0000
__Lsfr3                         sfr3         0000
__Lspace_0                      (abs)        0000
__Lspace_1                      (abs)        0000
__Lspace_2                      (abs)        0000
__Lspace_3                      (abs)        0000
__Lspace_4                      (abs)        0000
__Lstack                        stack        0000
__Lstrings                      strings      0000
__Ltext                         text         0000
__S0                            (abs)        02A9
__S1                            (abs)        00A2
__S2                            (abs)        0000
__S3                            (abs)        0000
___bmul                         text4        022A
___bmul@multiplicand            cstackBANK0  003C
___bmul@multiplier              cstackBANK0  003E
___bmul@product                 cstackBANK0  003D
___int_sp                       stack        0000
___latbits                      (abs)        0002
___lldiv                        text15       00AF
___lldiv@counter                cstackBANK0  0024
___lldiv@dividend               cstackCOMMON 0077
___lldiv@divisor                cstackCOMMON 0073
___lldiv@quotient               cstackBANK0  0020
___llmod                        text14       0117
___llmod@counter                cstackCOMMON 007D
___llmod@dividend               cstackBANK0  0029
___llmod@divisor                cstackBANK0  0025
___sp                           stack        0000
___stackhi                      (abs)        0000
___stacklo                      (abs)        0000
__end_of_EXTI_SettingButton_CB  text16       02A7
__end_of_ISR                    text10       019F
__end_of_Interrupt_CbStruct     strings      0267
__end_of_Scheduler_Active       text12       00AF
__end_of_Scheduler_Init         text8        0277
__end_of_Scheduler_Task1        text6        029C
__end_of_Scheduler_Task2        text5        0295
__end_of_Scheduler_Task3        text7        02A3
__end_of_Scheduler_Update       text3        01CF
__end_of_Tasks                  strings      0265
__end_of_Timer0_CB              text11       0213
__end_of_Timer_Init             text2        0286
__end_of_Timer_Start            text1        02A9
__end_of___bmul                 text4        0241
__end_of___lldiv                text15       0117
__end_of___llmod                text14       016D
__end_of__fptable               functab      0033
__end_of__i1fptable             functab      003F
__end_of__initialization        cinit        001E
__end_of__stringtab             strings      025C
__end_of_main                   maintext     022A
__end_of_memset                 text9        01F5
__end_ofi1___bmul               text13       0256
__fptable                       functab      0022
__i1fptable                     functab      0033
__initialization                cinit        0015
__pbssBANK0                     bssBANK0     0040
__pcstackBANK0                  cstackBANK0  0020
__pcstackBANK1                  cstackBANK1  00A0
__pcstackCOMMON                 cstackCOMMON 0070
__pfunctab                      functab      0022
__pintentry                     intentry     0004
__pmaintext                     maintext     0213
__pstrings                      strings      0256
__ptext1                        text1        02A7
__ptext10                       text10       016D
__ptext11                       text11       01F5
__ptext12                       text12       003F
__ptext13                       text13       0241
__ptext14                       text14       0117
__ptext15                       text15       00AF
__ptext16                       text16       02A3
__ptext2                        text2        0277
__ptext3                        text3        019F
__ptext4                        text4        022A
__ptext5                        text5        028E
__ptext6                        text6        0295
__ptext7                        text7        029C
__ptext8                        text8        0267
__ptext9                        text9        01CF
__size_of_EXTI_SettingButton_CB (abs)        0000
__size_of_ISR                   (abs)        0000
__size_of_Scheduler_Active      (abs)        0000
__size_of_Scheduler_Init        (abs)        0000
__size_of_Scheduler_Task1       (abs)        0000
__size_of_Scheduler_Task2       (abs)        0000
__size_of_Scheduler_Task3       (abs)        0000
__size_of_Scheduler_Update      (abs)        0000
__size_of_Timer0_CB             (abs)        0000
__size_of_Timer_Init            (abs)        0000
__size_of_Timer_Start           (abs)        0000
__size_of___bmul                (abs)        0000
__size_of___lldiv               (abs)        0000
__size_of___llmod               (abs)        0000
__size_of__fptable              (abs)        0000
__size_of__i1fptable            (abs)        0000
__size_of_main                  (abs)        0000
__size_of_memset                (abs)        0000
__size_ofi1___bmul              (abs)        0000
__stringbase                    strings      025B
__stringtab                     strings      0256
_c                              bssBANK0     0047
_main                           maintext     0213
_memset                         text9        01CF
btemp                           (abs)        007E
clear_ram0                      clrtext      0286
end_of_initialization           cinit        001E
fpbase                          functab      0027
fptable                         functab      0022
fptotal                         (abs)        0006
i1___bmul                       text13       0241
i1___bmul@multiplicand          cstackCOMMON 0070
i1___bmul@multiplier            cstackCOMMON 0072
i1___bmul@product               cstackCOMMON 0071
i1fpbase                        functab      0038
i1fptable                       functab      0033
i1fptotal                       (abs)        0004
interrupt_function              intentry     0004
intlevel0                       functab      0022
intlevel1                       functab      0022
intlevel2                       functab      0022
intlevel3                       functab      0022
intlevel4                       functab      0022
intlevel5                       functab      0022
memset@c                        cstackBANK0  003C
memset@n                        cstackBANK0  003E
memset@p                        cstackBANK1  00A0
memset@p1                       cstackBANK1  00A1
reset_vec                       reset_vec    0000
saved_w                         (abs)        007E
start                           init         0012
start_initialization            cinit        0015
wtemp0                          (abs)        007E


FUNCTION INFORMATION:

 *************** function _main *****************
 Defined at:
		line 12 in file "main.c"
 Parameters:    Size  Location     Type
		None
 Auto vars:     Size  Location     Type
		None
 Return value:  Size  Location     Type
                  1    wreg      void 
 Registers used:
		wreg, fsr0l, fsr0h, status,2, status,0, btemp+1, pclath, cstack
 Tracked objects:
		On entry : 
		On exit  : 
		Unchanged: 
 Data sizes:     COMMON   BANK0   BANK1   BANK3   BANK2
      Params:         0       0       0       0       0
      Locals:         0       0       0       0       0
      Temps:          0       0       0       0       0
      Totals:         0       0       0       0       0
Total ram usage:        0 bytes
 Hardware stack levels required when called:    6
 This function calls:
		_Scheduler_Init
		_Scheduler_Update
		_Timer_Init
		_Timer_Start
 This function is called by:
		Startup code after reset
 This function uses a non-reentrant model


 *************** function _Timer_Start *****************
 Defined at:
		line 31 in file "Timer/Timer.c"
 Parameters:    Size  Location     Type
		None
 Auto vars:     Size  Location     Type
		None
 Return value:  Size  Location     Type
                  1    wreg      void 
 Registers used:
		None
 Tracked objects:
		On entry : 
		On exit  : 
		Unchanged: 
 Data sizes:     COMMON   BANK0   BANK1   BANK3   BANK2
      Params:         0       0       0       0       0
      Locals:         0       0       0       0       0
      Temps:          0       0       0       0       0
      Totals:         0       0       0       0       0
Total ram usage:        0 bytes
 Hardware stack levels used:    1
 Hardware stack levels required when called:    4
 This function calls:
		Nothing
 This function is called by:
		_main
 This function uses a non-reentrant model


 *************** function _Timer_Init *****************
 Defined at:
		line 13 in file "Timer/Timer.c"
 Parameters:    Size  Location     Type
		None
 Auto vars:     Size  Location     Type
		None
 Return value:  Size  Location     Type
                  1    wreg      void 
 Registers used:
		wreg
 Tracked objects:
		On entry : 
		On exit  : 
		Unchanged: 
 Data sizes:     COMMON   BANK0   BANK1   BANK3   BANK2
      Params:         0       0       0       0       0
      Locals:         0       0       0       0       0
      Temps:          0       0       0       0       0
      Totals:         0       0       0       0       0
Total ram usage:        0 bytes
 Hardware stack levels used:    1
 Hardware stack levels required when called:    4
 This function calls:
		Nothing
 This function is called by:
		_main
 This function uses a non-reentrant model


 *************** function _Scheduler_Update *****************
 Defined at:
		line 15 in file "Scheduler/Scheduler.c"
 Parameters:    Size  Location     Type
		None
 Auto vars:     Size  Location     Type
  i               1   31[BANK0 ] unsigned char 
 Return value:  Size  Location     Type
                  1    wreg      void 
 Registers used:
		wreg, fsr0l, fsr0h, status,2, status,0, btemp+1, pclath, cstack
 Tracked objects:
		On entry : 
		On exit  : 
		Unchanged: 
 Data sizes:     COMMON   BANK0   BANK1   BANK3   BANK2
      Params:         0       0       0       0       0
      Locals:         0       1       0       0       0
      Temps:          0       0       0       0       0
      Totals:         0       1       0       0       0
Total ram usage:        1 bytes
 Hardware stack levels used:    1
 Hardware stack levels required when called:    5
 This function calls:
		_Scheduler_Task1
		_Scheduler_Task2
		_Scheduler_Task3
		___bmul
 This function is called by:
		_main
 This function uses a non-reentrant model


 *************** function ___bmul *****************
 Defined at:
		line 4 in file "C:\Program Files (x86)\Microchip\xc8\v2.20\pic\sources\c90\common\Umul8.c"
 Parameters:    Size  Location     Type
  multiplier      1    wreg     unsigned char 
  multiplicand    1   28[BANK0 ] unsigned char 
 Auto vars:     Size  Location     Type
  multiplier      1   30[BANK0 ] unsigned char 
  product         1   29[BANK0 ] unsigned char 
 Return value:  Size  Location     Type
                  1    wreg      unsigned char 
 Registers used:
		wreg, status,2, status,0, btemp+1
 Tracked objects:
		On entry : 
		On exit  : 
		Unchanged: 
 Data sizes:     COMMON   BANK0   BANK1   BANK3   BANK2
      Params:         0       1       0       0       0
      Locals:         0       2       0       0       0
      Temps:          0       0       0       0       0
      Totals:         0       3       0       0       0
Total ram usage:        3 bytes
 Hardware stack levels used:    1
 Hardware stack levels required when called:    4
 This function calls:
		Nothing
 This function is called by:
		_Scheduler_Update
		_Scheduler_Active
 This function uses a non-reentrant model


 *************** function _Scheduler_Task2 *****************
 Defined at:
		line 16 in file "Scheduler/Task.c"
 Parameters:    Size  Location     Type
		None
 Auto vars:     Size  Location     Type
		None
 Return value:  Size  Location     Type
                  1    wreg      void 
 Registers used:
		wreg, status,2, status,0, btemp+1
 Tracked objects:
		On entry : 
		On exit  : 
		Unchanged: 
 Data sizes:     COMMON   BANK0   BANK1   BANK3   BANK2
      Params:         0       0       0       0       0
      Locals:         0       0       0       0       0
      Temps:          0       0       0       0       0
      Totals:         0       0       0       0       0
Total ram usage:        0 bytes
 Hardware stack levels used:    1
 Hardware stack levels required when called:    4
 This function calls:
		Nothing
 This function is called by:
		_Scheduler_Update
 This function uses a non-reentrant model


 *************** function _Scheduler_Task1 *****************
 Defined at:
		line 11 in file "Scheduler/Task.c"
 Parameters:    Size  Location     Type
		None
 Auto vars:     Size  Location     Type
		None
 Return value:  Size  Location     Type
                  1    wreg      void 
 Registers used:
		wreg, status,2, status,0, btemp+1
 Tracked objects:
		On entry : 
		On exit  : 
		Unchanged: 
 Data sizes:     COMMON   BANK0   BANK1   BANK3   BANK2
      Params:         0       0       0       0       0
      Locals:         0       0       0       0       0
      Temps:          0       0       0       0       0
      Totals:         0       0       0       0       0
Total ram usage:        0 bytes
 Hardware stack levels used:    1
 Hardware stack levels required when called:    4
 This function calls:
		Nothing
 This function is called by:
		_Scheduler_Update
 This function uses a non-reentrant model


 *************** function _Scheduler_Task3 *****************
 Defined at:
		line 21 in file "Scheduler/Task.c"
 Parameters:    Size  Location     Type
		None
 Auto vars:     Size  Location     Type
		None
 Return value:  Size  Location     Type
                  1    wreg      void 
 Registers used:
		wreg, status,2, status,0, btemp+1
 Tracked objects:
		On entry : 
		On exit  : 
		Unchanged: 
 Data sizes:     COMMON   BANK0   BANK1   BANK3   BANK2
      Params:         0       0       0       0       0
      Locals:         0       0       0       0       0
      Temps:          0       0       0       0       0
      Totals:         0       0       0       0       0
Total ram usage:        0 bytes
 Hardware stack levels used:    1
 Hardware stack levels required when called:    4
 This function calls:
		Nothing
 This function is called by:
		_Scheduler_Update
 This function uses a non-reentrant model


 *************** function _Scheduler_Init *****************
 Defined at:
		line 10 in file "Scheduler/Scheduler.c"
 Parameters:    Size  Location     Type
		None
 Auto vars:     Size  Location     Type
		None
 Return value:  Size  Location     Type
                  1    wreg      void 
 Registers used:
		wreg, fsr0l, fsr0h, status,2, status,0, btemp+1, pclath, cstack
 Tracked objects:
		On entry : 
		On exit  : 
		Unchanged: 
 Data sizes:     COMMON   BANK0   BANK1   BANK3   BANK2
      Params:         0       0       0       0       0
      Locals:         0       0       0       0       0
      Temps:          0       0       0       0       0
      Totals:         0       0       0       0       0
Total ram usage:        0 bytes
 Hardware stack levels used:    1
 Hardware stack levels required when called:    5
 This function calls:
		_memset
 This function is called by:
		_main
 This function uses a non-reentrant model


 *************** function _memset *****************
 Defined at:
		line 8 in file "C:\Program Files (x86)\Microchip\xc8\v2.20\pic\sources\c90\common\memset.c"
 Parameters:    Size  Location     Type
  p1              1    wreg     PTR void 
		 -> Debounce_DownButton(3), Debounce_UpButton(3), Task_Flag(3), 
  c               2   28[BANK0 ] int 
  n               2   30[BANK0 ] unsigned int 
 Auto vars:     Size  Location     Type
  p1              1    1[BANK1 ] PTR void 
		 -> Debounce_DownButton(3), Debounce_UpButton(3), Task_Flag(3), 
  p               1    0[BANK1 ] PTR unsigned char 
		 -> Debounce_DownButton(3), Debounce_UpButton(3), Task_Flag(3), 
 Return value:  Size  Location     Type
                  1    wreg      PTR void 
 Registers used:
		wreg, fsr0l, fsr0h, status,2, status,0, btemp+1
 Tracked objects:
		On entry : 
		On exit  : 
		Unchanged: 
 Data sizes:     COMMON   BANK0   BANK1   BANK3   BANK2
      Params:         0       4       0       0       0
      Locals:         0       0       2       0       0
      Temps:          0       0       0       0       0
      Totals:         0       4       2       0       0
Total ram usage:        6 bytes
 Hardware stack levels used:    1
 Hardware stack levels required when called:    4
 This function calls:
		Nothing
 This function is called by:
		_Scheduler_Init
		_Buttons_Init
 This function uses a non-reentrant model


 *************** function _ISR *****************
 Defined at:
		line 10 in file "Interrupt/Interrupt.c"
 Parameters:    Size  Location     Type
		None
 Auto vars:     Size  Location     Type
		None
 Return value:  Size  Location     Type
                  1    wreg      void 
 Registers used:
		wreg, fsr0l, fsr0h, status,2, status,0, btemp+1, pclath, cstack
 Tracked objects:
		On entry : 
		On exit  : 
		Unchanged: 
 Data sizes:     COMMON   BANK0   BANK1   BANK3   BANK2
      Params:         0       0       0       0       0
      Locals:         0       0       0       0       0
      Temps:          0       4       0       0       0
      Totals:         0       4       0       0       0
Total ram usage:        4 bytes
 Hardware stack levels used:    1
 Hardware stack levels required when called:    3
 This function calls:
		_EXTI_SettingButton_CB
		_Timer0_CB
 This function is called by:
		Interrupt level 1
 This function uses a non-reentrant model


 *************** function _Timer0_CB *****************
 Defined at:
		line 36 in file "Timer/Timer.c"
 Parameters:    Size  Location     Type
		None
 Auto vars:     Size  Location     Type
		None
 Return value:  Size  Location     Type
                  1    wreg      void 
 Registers used:
		wreg, fsr0l, fsr0h, status,2, status,0, btemp+1, pclath, cstack
 Tracked objects:
		On entry : 
		On exit  : 
		Unchanged: 
 Data sizes:     COMMON   BANK0   BANK1   BANK3   BANK2
      Params:         0       0       0       0       0
      Locals:         0       0       0       0       0
      Temps:          0       0       0       0       0
      Totals:         0       0       0       0       0
Total ram usage:        0 bytes
 Hardware stack levels used:    1
 Hardware stack levels required when called:    2
 This function calls:
		_Scheduler_Active
 This function is called by:
		_ISR
 This function uses a non-reentrant model


 *************** function _Scheduler_Active *****************
 Defined at:
		line 33 in file "Scheduler/Scheduler.c"
 Parameters:    Size  Location     Type
  System_Tick     4   13[BANK0 ] unsigned long 
 Auto vars:     Size  Location     Type
  i               1   23[BANK0 ] unsigned char 
 Return value:  Size  Location     Type
                  1    wreg      void 
 Registers used:
		wreg, fsr0l, fsr0h, status,2, status,0, btemp+1, pclath, cstack
 Tracked objects:
		On entry : 
		On exit  : 
		Unchanged: 
 Data sizes:     COMMON   BANK0   BANK1   BANK3   BANK2
      Params:         0       4       0       0       0
      Locals:         0       1       0       0       0
      Temps:          0       6       0       0       0
      Totals:         0      11       0       0       0
Total ram usage:       11 bytes
 Hardware stack levels used:    1
 Hardware stack levels required when called:    1
 This function calls:
		___lldiv
		___llmod
		i1___bmul
 This function is called by:
		_Timer0_CB
 This function uses a non-reentrant model


 *************** function i1___bmul *****************
 Defined at:
		line 4 in file "C:\Program Files (x86)\Microchip\xc8\v2.20\pic\sources\c90\common\Umul8.c"
 Parameters:    Size  Location     Type
  multiplier      1    wreg     unsigned char 
  multiplicand    1    0[COMMON] unsigned char 
 Auto vars:     Size  Location     Type
  multiplier      1    2[COMMON] unsigned char 
  product         1    1[COMMON] unsigned char 
 Return value:  Size  Location     Type
                  1    wreg      unsigned char 
 Registers used:
		wreg, status,2, status,0, btemp+1
 Tracked objects:
		On entry : 
		On exit  : 
		Unchanged: 
 Data sizes:     COMMON   BANK0   BANK1   BANK3   BANK2
      Params:         1       0       0       0       0
      Locals:         2       0       0       0       0
      Temps:          0       0       0       0       0
      Totals:         3       0       0       0       0
Total ram usage:        3 bytes
 Hardware stack levels used:    1
 This function calls:
		Nothing
 This function is called by:
		_Scheduler_Active
 This function uses a non-reentrant model


 *************** function ___llmod *****************
 Defined at:
		line 5 in file "C:\Program Files (x86)\Microchip\xc8\v2.20\pic\sources\c90\common\llmod.c"
 Parameters:    Size  Location     Type
  divisor         4    5[BANK0 ] unsigned long 
  dividend        4    9[BANK0 ] unsigned long 
 Auto vars:     Size  Location     Type
  counter         1   13[COMMON] unsigned char 
 Return value:  Size  Location     Type
                  4    5[BANK0 ] unsigned long 
 Registers used:
		wreg, status,2, status,0, btemp+1
 Tracked objects:
		On entry : 
		On exit  : 
		Unchanged: 
 Data sizes:     COMMON   BANK0   BANK1   BANK3   BANK2
      Params:         0       8       0       0       0
      Locals:         1       0       0       0       0
      Temps:          1       0       0       0       0
      Totals:         2       8       0       0       0
Total ram usage:       10 bytes
 Hardware stack levels used:    1
 This function calls:
		Nothing
 This function is called by:
		_Scheduler_Active
 This function uses a non-reentrant model


 *************** function ___lldiv *****************
 Defined at:
		line 5 in file "C:\Program Files (x86)\Microchip\xc8\v2.20\pic\sources\c90\common\__lldiv.c"
 Parameters:    Size  Location     Type
  divisor         4    3[COMMON] unsigned long 
  dividend        4    7[COMMON] unsigned long 
 Auto vars:     Size  Location     Type
  quotient        4    0[BANK0 ] unsigned long 
  counter         1    4[BANK0 ] unsigned char 
 Return value:  Size  Location     Type
                  4    3[COMMON] unsigned long 
 Registers used:
		wreg, status,2, status,0, btemp+1
 Tracked objects:
		On entry : 
		On exit  : 
		Unchanged: 
 Data sizes:     COMMON   BANK0   BANK1   BANK3   BANK2
      Params:         8       0       0       0       0
      Locals:         0       5       0       0       0
      Temps:          1       0       0       0       0
      Totals:         9       5       0       0       0
Total ram usage:       14 bytes
 Hardware stack levels used:    1
 This function calls:
		Nothing
 This function is called by:
		_Scheduler_Active
 This function uses a non-reentrant model


 *************** function _EXTI_SettingButton_CB *****************
 Defined at:
		line 45 in file "Buttons/Buttons.c"
 Parameters:    Size  Location     Type
		None
 Auto vars:     Size  Location     Type
		None
 Return value:  Size  Location     Type
                  1    wreg      void 
 Registers used:
		None
 Tracked objects:
		On entry : 
		On exit  : 
		Unchanged: 
 Data sizes:     COMMON   BANK0   BANK1   BANK3   BANK2
      Params:         0       0       0       0       0
      Locals:         0       0       0       0       0
      Temps:          0       0       0       0       0
      Totals:         0       0       0       0       0
Total ram usage:        0 bytes
 Hardware stack levels used:    1
 This function calls:
		Nothing
 This function is called by:
		_ISR
 This function uses a non-reentrant model



MODULE INFORMATION

Module		Function		Class		Link	Load	Size
Scheduler/Scheduler.c
		_Scheduler_Update		CODE           	019F	0000	49
		_Scheduler_Active		CODE           	003F	0000	113
		_Scheduler_Init		CODE           	0267	0000	17

Scheduler/Scheduler.c estimated size: 179

Scheduler/Task.c
		_Scheduler_Task1		CODE           	0295	0000	8
		_Scheduler_Task2		CODE           	028E	0000	8
		_Scheduler_Task3		CODE           	029C	0000	8

Scheduler/Task.c estimated size: 24

C:\Program Files (x86)\Microchip\xc8\v2.20\pic\sources\c90\common\llmod.c
		___llmod       		CODE           	0117	0000	87

C:\Program Files (x86)\Microchip\xc8\v2.20\pic\sources\c90\common\llmod.c estimated size: 87

shared
		__stringtab    		STRING         	0256	0000	7
		__i1fptable    		ENTRY          	0033	0000	13
		__initialization		CODE           	0015	0000	10
		__fptable      		ENTRY          	0022	0000	18
		i1___bmul      		CODE           	0241	0000	22
		_Interrupt_CbStruct		STRING         	0265	0000	3
		_Tasks         		STRING         	025C	0000	10

shared estimated size: 83

C:\Program Files (x86)\Microchip\xc8\v2.20\pic\sources\c90\common\memset.c
		_memset        		CODE           	01CF	0000	39

C:\Program Files (x86)\Microchip\xc8\v2.20\pic\sources\c90\common\memset.c estimated size: 39

C:\Program Files (x86)\Microchip\xc8\v2.20\pic\sources\c90\common\__lldiv.c
		___lldiv       		CODE           	00AF	0000	105

C:\Program Files (x86)\Microchip\xc8\v2.20\pic\sources\c90\common\__lldiv.c estimated size: 105

Interrupt/Interrupt.c
		_ISR           		CODE           	016D	0000	51

Interrupt/Interrupt.c estimated size: 51

C:\Program Files (x86)\Microchip\xc8\v2.20\pic\sources\c90\common\Umul8.c
		___bmul        		CODE           	022A	0000	24

C:\Program Files (x86)\Microchip\xc8\v2.20\pic\sources\c90\common\Umul8.c estimated size: 24

Buttons/Buttons.c
		_EXTI_SettingButton_CB		CODE           	02A3	0000	5

Buttons/Buttons.c estimated size: 5

main.c
		_main          		CODE           	0213	0000	24

main.c estimated size: 24

Timer/Timer.c
		_Timer_Start   		CODE           	02A7	0000	3
		_Timer0_CB     		CODE           	01F5	0000	31
		_Timer_Init    		CODE           	0277	0000	16

Timer/Timer.c estimated size: 50

